﻿[36mvite v7.3.1 [32mbuilding client environment for production...[36m[39m
transforming...
[32mΓ£ô[39m 1485 modules transformed.
node.exe : [31mΓ£ù[39m Build failed in 
15.81s
At line:1 char:1
+ & "C:\Program Files\nodejs/node.exe" 
"C:\Program Files\nodejs/node_mo ...
+ ~~~~~~~~~~~~~~~~~~~~~~~~~~~~~~~~~~~~~~~~~~
~~~~~~~~~~~~~~~~~~~~~~~~~~~
    + CategoryInfo          : NotSpecified: 
    ([31mΓ£ù[39m Build failed in 15.81s:  
  String) [], RemoteException
    + FullyQualifiedErrorId : NativeCommand 
   Error
 
[31merror during build:
[31msrc/pages/alumni/AlumniJobs.jsx 
(11:9): "subscribeToApprovedJobs" is not 
exported by 
"src/services/facultyService.js", imported 
by "src/pages/alumni/AlumniJobs.jsx".[31m
file: [36mC:/Users/Nidhi Vekhande/Downloads
/triple-meteorite/Home_panal/src/pages/alumn
i/AlumniJobs.jsx:11:9[31m
[33m
 9: import { db } from '../../firebase';
10: import { doc, getDoc, addDoc, 
collection, serverTimestamp, query, where, 
onSnapshot } from 'firebase/firestore';
11: import { subscribeToApprovedJobs, 
createJob, subscribeToFacultyJobs, 
deleteJob } from 
'../../services/facultyService';
             ^
12: import Dialog from 
'../../components/ui/Dialog';
13: import { useToast } from 
'../../components/ui/Toast';
[31m
    at getRollupError (file:///C:/Users/Nidh
i%20Vekhande/Downloads/triple-meteorite/Home
_panal/node_modules/rollup/dist/es/shared/pa
rseAst.js:402:41)
    at error (file:///C:/Users/Nidhi%20Vekha
nde/Downloads/triple-meteorite/Home_panal/no
de_modules/rollup/dist/es/shared/parseAst.js
:398:42)
    at Module.error (file:///C:/Users/Nidhi%
20Vekhande/Downloads/triple-meteorite/Home_p
anal/node_modules/rollup/dist/es/shared/node
-entry.js:17040:16)
    at Module.traceVariable (file:///C:/User
s/Nidhi%20Vekhande/Downloads/triple-meteorit
e/Home_panal/node_modules/rollup/dist/es/sha
red/node-entry.js:17452:29)
    at ModuleScope.findVariable (file:///C:/
Users/Nidhi%20Vekhande/Downloads/triple-mete
orite/Home_panal/node_modules/rollup/dist/es
/shared/node-entry.js:15070:39)
    at FunctionScope.findVariable (file:///C
:/Users/Nidhi%20Vekhande/Downloads/triple-me
teorite/Home_panal/node_modules/rollup/dist/
es/shared/node-entry.js:5673:38)
    at FunctionBodyScope.findVariable (file:
///C:/Users/Nidhi%20Vekhande/Downloads/tripl
e-meteorite/Home_panal/node_modules/rollup/d
ist/es/shared/node-entry.js:5673:38)
    at ReturnValueScope.findVariable (file:/
//C:/Users/Nidhi%20Vekhande/Downloads/triple
-meteorite/Home_panal/node_modules/rollup/di
st/es/shared/node-entry.js:5673:38)
    at FunctionBodyScope.findVariable (file:
///C:/Users/Nidhi%20Vekhande/Downloads/tripl
e-meteorite/Home_panal/node_modules/rollup/d
ist/es/shared/node-entry.js:5673:38)
    at Identifier.bind (file:///C:/Users/Nid
hi%20Vekhande/Downloads/triple-meteorite/Hom
e_panal/node_modules/rollup/dist/es/shared/n
ode-entry.js:5447:40)[39m
